// Jest Snapshot v1, https://goo.gl/fbAQLP

exports[`ProductCard debe de mostar el componente 1`] = `
<div
  className="productCard undefined"
>
  <h1>
    Product card
  </h1>
</div>
`;
